sous · ? on you (github failed, stale rows) · 2 found · 1 on others · 2 unfinished

  on you
  1               billing                   need final copy for the pricing page                          6d
  s:cccccccccccc  app-next                  review requested · PR #14 json api for browse and search end  2d (stale)

  on others
  2               app-next                  PR #14 awaiting Sam                                           2d

  unfinished
  s:bbbbbbbbbbbb  billing                   5 stashes                                                     3mo
  s:aaaaaaaaaaaa  chime                     6 commits unpushed · main                                     6d

  3 checked · 0 unavailable · github: failed (gh: not logged in (run gh auth login)) · as of 09:02 · sous snooze <id> to hide a row
